exports[`test test table of BestTimes 1`] = `
<table
  className="pure-table">
  <caption>
    <h2>
      Melhores Tempos
    </h2>
  </caption>
  <thead>
    <tr>
      <th>
        #
      </th>
      <th>
        Data
      </th>
      <th>
        Cubista
      </th>
      <th>
        Tempo
      </th>
    </tr>
  </thead>
  <tbody />
</table>
`;
