exports[`test test table of BestTimes 1`] = `
<table
  className="pure-table">
  <caption
    className="Table-caption">
    <img
      alt="trophy"
      className="BestTimes-trophy"
      src="test-file-stub" />
    <h2>
      Melhores Tempos
    </h2>
  </caption>
  <thead>
    <tr>
      <th>
        #
      </th>
      <th>
        Data
      </th>
      <th>
        Cubista
      </th>
      <th>
        Tempo
      </th>
    </tr>
  </thead>
  <tbody>
    <tr
      className="">
      <td>
        1
      </td>
      <td>
        31/01/2017
      </td>
      <td />
      <td
        className="time-formated">
        00\' 02.00\"
      </td>
    </tr>
    <tr
      className="pure-table-odd">
      <td>
        2
      </td>
      <td>
        25/01/2017
      </td>
      <td />
      <td
        className="time-formated">
        00\' 03.00\"
      </td>
    </tr>
  </tbody>
</table>
`;
